[2026-04-03T20:30:01+00:00] bank_sync: no active connections
[2026-04-07T22:30:01+00:00] SUMMARY job=bank_sync date=2026-04-07 active_connections=1 invoices_marked_paid=0 sync_errors=0
[2026-04-07T23:00:02+00:00] SUMMARY job=bank_sync date=2026-04-07 active_connections=1 invoices_marked_paid=0 sync_errors=0
[2026-04-07T23:30:01+00:00] SUMMARY job=bank_sync date=2026-04-07 active_connections=1 invoices_marked_paid=0 sync_errors=0
[2026-04-08T00:00:01+00:00] SUMMARY job=bank_sync date=2026-04-08 active_connections=1 invoices_marked_paid=0 sync_errors=0
[2026-04-08 00:10:01 UTC] [info] === Hermes Reminder Job Started [2026-04-08 00:10:01] ===
[2026-04-08 00:10:01 UTC] [info] MariaDB connected.
[2026-04-08 00:10:01] === Hermes Monthly Invoice Job – Day 8 (2026-04-08) ===
[2026-04-08 00:10:01] Templates scheduled for today (send_day=8): 0
[2026-04-08] SUMMARY job=overdue date=2026-04-08 invoices_marked_overdue=0
[2026-04-08 00:10:01] SUMMARY job=monthly_templates date=2026-04-08 day=8 templates_today=0 skipped_already_month=0 invoices_created=0 emails_sent_ok=0 emails_failed=0 invoice_create_errors=0
[2026-04-08] overdue: nothing to update
[2026-04-08 00:10:01] Nothing to do.
[2026-04-08T00:10:01+00:00] SUMMARY job=bank_sync date=2026-04-08 active_connections=1 invoices_marked_paid=0 sync_errors=0
[2026-04-08 00:15:01 UTC] [info] === Hermes Reminder Job Started [2026-04-08 00:15:01] ===
[2026-04-08 00:15:01 UTC] [info] MariaDB connected.
[2026-04-08 00:15:01] === Hermes Monthly Invoice Job – Day 8 (2026-04-08) ===
[2026-04-08 00:15:01] Templates scheduled for today (send_day=8): 0
[2026-04-08] SUMMARY job=overdue date=2026-04-08 invoices_marked_overdue=0
[2026-04-08 00:15:01] SUMMARY job=monthly_templates date=2026-04-08 day=8 templates_today=0 skipped_already_month=0 invoices_created=0 emails_sent_ok=0 emails_failed=0 invoice_create_errors=0
[2026-04-08] overdue: nothing to update
[2026-04-08 00:15:01] Nothing to do.
[2026-04-08T00:15:01+00:00] SUMMARY job=bank_sync date=2026-04-08 active_connections=1 invoices_marked_paid=0 sync_errors=0
[2026-04-08 00:20:01 UTC] [info] === Hermes Reminder Job Started [2026-04-08 00:20:01] ===
[2026-04-08 00:20:01 UTC] [info] MariaDB connected.
[2026-04-08] SUMMARY job=overdue date=2026-04-08 invoices_marked_overdue=0
[2026-04-08] overdue: nothing to update
[2026-04-08 00:20:01] === Hermes Monthly Invoice Job – Day 8 (2026-04-08) ===
[2026-04-08 00:20:01] Templates scheduled for today (send_day=8): 0
[2026-04-08 00:20:01] SUMMARY job=monthly_templates date=2026-04-08 day=8 templates_today=0 skipped_already_month=0 invoices_created=0 emails_sent_ok=0 emails_failed=0 invoice_create_errors=0
[2026-04-08 00:20:01] Nothing to do.
[2026-04-08T00:20:01+00:00] SUMMARY job=bank_sync date=2026-04-08 active_connections=1 invoices_marked_paid=0 sync_errors=0
[2026-04-08T00:30:01+00:00] SUMMARY job=bank_sync date=2026-04-08 status=skipped reason=no_active_connections
[2026-04-08T01:00:01+00:00] SUMMARY job=bank_sync date=2026-04-08 active_connections=1 invoices_marked_paid=0 sync_errors=0
[2026-04-08T01:30:02+00:00] SUMMARY job=bank_sync date=2026-04-08 active_connections=1 invoices_marked_paid=0 sync_errors=0
[2026-04-11T18:30:01+00:00] SUMMARY job=bank_sync date=2026-04-11 active_connections=1 invoices_marked_paid=0 sync_errors=0
[2026-04-11T19:00:01+00:00] SUMMARY job=bank_sync date=2026-04-11 active_connections=1 invoices_marked_paid=0 sync_errors=0
[2026-04-11T19:30:01+00:00] SUMMARY job=bank_sync date=2026-04-11 active_connections=1 invoices_marked_paid=0 sync_errors=0
[2026-04-11T20:00:01+00:00] SUMMARY job=bank_sync date=2026-04-11 active_connections=1 invoices_marked_paid=0 sync_errors=0
[2026-04-11T20:30:01+00:00] SUMMARY job=bank_sync date=2026-04-11 active_connections=1 invoices_marked_paid=0 sync_errors=0
[2026-04-11T21:00:01+00:00] SUMMARY job=bank_sync date=2026-04-11 active_connections=1 invoices_marked_paid=0 sync_errors=0
[2026-04-11T21:30:02+00:00] SUMMARY job=bank_sync date=2026-04-11 active_connections=1 invoices_marked_paid=0 sync_errors=0
[2026-04-11T22:00:01+00:00] SUMMARY job=bank_sync date=2026-04-11 active_connections=1 invoices_marked_paid=0 sync_errors=0
[2026-04-11T22:30:01+00:00] SUMMARY job=bank_sync date=2026-04-11 active_connections=1 invoices_marked_paid=0 sync_errors=0
[2026-04-11T23:00:01+00:00] SUMMARY job=bank_sync date=2026-04-11 active_connections=1 invoices_marked_paid=0 sync_errors=0
[2026-04-11T23:30:01+00:00] SUMMARY job=bank_sync date=2026-04-11 active_connections=1 invoices_marked_paid=0 sync_errors=0
[2026-04-12T00:30:01+00:00] SUMMARY job=bank_sync date=2026-04-12 active_connections=1 invoices_marked_paid=0 sync_errors=0
[2026-04-12T01:00:01+00:00] SUMMARY job=bank_sync date=2026-04-12 active_connections=1 invoices_marked_paid=0 sync_errors=0
[2026-04-12T01:30:01+00:00] SUMMARY job=bank_sync date=2026-04-12 active_connections=1 invoices_marked_paid=0 sync_errors=0
[2026-04-12T02:00:01+00:00] SUMMARY job=bank_sync date=2026-04-12 active_connections=1 invoices_marked_paid=0 sync_errors=0
[2026-04-12T02:30:01+00:00] SUMMARY job=bank_sync date=2026-04-12 active_connections=1 invoices_marked_paid=0 sync_errors=0
[2026-04-12T03:00:01+00:00] SUMMARY job=bank_sync date=2026-04-12 active_connections=1 invoices_marked_paid=0 sync_errors=0
[2026-04-12T03:30:01+00:00] SUMMARY job=bank_sync date=2026-04-12 active_connections=1 invoices_marked_paid=2 sync_errors=0
[2026-04-12T04:00:01+00:00] SUMMARY job=bank_sync date=2026-04-12 active_connections=1 invoices_marked_paid=2 sync_errors=0
[2026-04-13T20:30:01+00:00] SUMMARY job=bank_sync date=2026-04-13 active_connections=1 invoices_marked_paid=0 sync_errors=0
[2026-04-13T21:00:02+00:00] SUMMARY job=bank_sync date=2026-04-13 active_connections=1 invoices_marked_paid=0 sync_errors=0
[2026-04-13T21:30:02+00:00] SUMMARY job=bank_sync date=2026-04-13 active_connections=1 invoices_marked_paid=0 sync_errors=0
[2026-04-13T22:00:01+00:00] SUMMARY job=bank_sync date=2026-04-13 active_connections=1 invoices_marked_paid=0 sync_errors=0
[2026-04-13T22:30:01+00:00] SUMMARY job=bank_sync date=2026-04-13 active_connections=1 invoices_marked_paid=0 sync_errors=0
[2026-04-13T23:00:01+00:00] SUMMARY job=bank_sync date=2026-04-13 active_connections=1 invoices_marked_paid=0 sync_errors=0
[2026-04-13T23:30:01+00:00] SUMMARY job=bank_sync date=2026-04-13 active_connections=1 invoices_marked_paid=0 sync_errors=0
[2026-04-14T00:00:01+00:00] SUMMARY job=bank_sync date=2026-04-14 active_connections=1 invoices_marked_paid=0 sync_errors=0
[2026-04-14T00:30:01+00:00] SUMMARY job=bank_sync date=2026-04-14 active_connections=1 invoices_marked_paid=1 sync_errors=0
[2026-04-24T19:30:01+00:00] SUMMARY job=bank_sync date=2026-04-24 active_connections=1 invoices_marked_paid=1 sync_errors=0
[2026-04-24T20:00:01+00:00] SUMMARY job=bank_sync date=2026-04-24 active_connections=1 invoices_marked_paid=0 sync_errors=0
[2026-04-24T20:30:02+00:00] SUMMARY job=bank_sync date=2026-04-24 active_connections=1 invoices_marked_paid=0 sync_errors=0
[2026-05-01T05:00:02+00:00] SUMMARY job=bank_sync date=2026-05-01 active_connections=1 invoices_marked_paid=1 sync_errors=0
[2026-05-05T16:30:01+00:00] SUMMARY job=bank_sync date=2026-05-05 active_connections=1 invoices_marked_paid=0 sync_errors=0
[2026-05-05T21:30:01+00:00] SUMMARY job=bank_sync date=2026-05-05 active_connections=1 invoices_marked_paid=0 sync_errors=0
[2026-05-05T22:00:01+00:00] SUMMARY job=bank_sync date=2026-05-05 active_connections=1 invoices_marked_paid=0 sync_errors=0
[2026-05-05T22:30:01+00:00] SUMMARY job=bank_sync date=2026-05-05 active_connections=1 invoices_marked_paid=0 sync_errors=0
[2026-05-05T23:00:02+00:00] SUMMARY job=bank_sync date=2026-05-05 active_connections=1 invoices_marked_paid=0 sync_errors=0
